Prisma schema loaded from prisma\schema.prisma.
Error: Prisma schema validation - (get-config wasm)
Error code: P1012
error: The datasource property `url` is no longer supported in schema files. Move connection URLs for Migrate to `prisma.config.ts` and pass either `adapter` for a direct database connection or `accelerateUrl` for Accelerate to the `PrismaClient` constructor. See https://pris.ly/d/config-datasource and https://pris.ly/d/prisma7-client-config
  -->  prisma\schema.prisma:7
   | 
 6 |   provider = "mysql"
 7 |   url      = "mysql://root:root@localhost:3306/control_gastronomico_v2"
   | 

Validation Error Count: 1
[Context: getConfig]

Prisma CLI Version : 7.2.0
